
> order-do@0.0.0 build
> tsc -b && vite build

src/components/customer/VoiceItemList.tsx(58,18): error TS6133: 'event' is declared but its value is never read.
src/components/customer/VoiceNameInput.tsx(3,1): error TS6133: 'Button' is declared but its value is never read.
src/pages/Landing.tsx(1,8): error TS6133: 'React' is declared but its value is never read.
src/pages/order/OrderFlow.tsx(104,9): error TS6133: 'activeStep' is declared but its value is never read.
