src/components/ui/TalkingCharacter.tsx(2,24): error TS2307: Cannot find module '@react-three/fiber' or its corresponding type declarations.
src/components/ui/TalkingCharacter.tsx(6,31): error TS2307: Cannot find module './VirtualInstructor' or its corresponding type declarations.
src/components/ui/TalkingCharacter.tsx(102,37): error TS7031: Binding element 'gl' implicitly has an 'any' type.
src/pages/admin/Plans.tsx(297,33): error TS6133: 'e' is declared but its value is never read.
src/pages/admin/Shops.tsx(6,3): error TS6133: 'ChevronRight' is declared but its value is never read.
